SUKSES,/bata/jual-material-bata-merah-di-abadijaya-depok-gratis-ongkir/,"direvisi"
SUKSES,/bata/jual-material-bata-merah-di-ancol-jakarta-gratis-ongkir/,"direvisi"
SUKSES,/bata/jual-material-bata-merah-di-angke-jakarta-gratis-ongkir/,"direvisi"
SUKSES,/bata/jual-material-bata-merah-di-babakan-cikao-purwakarta-gratis-ongkir/,"direvisi"
SUKSES,/bata/jual-material-bata-merah-di-babakan-pasar-bogor-gratis-ongkir/,"direvisi"
SUKSES,/bata/jual-material-bata-merah-di-babelan-bekasi-gratis-ongkir/,"direvisi"
SUKSES,/bata/jual-material-bata-merah-di-baktijaya-depok-gratis-ongkir/,"direvisi"
SUKSES,/bata/jual-material-bata-merah-di-bale-kambang-jakarta-gratis-ongkir/,"direvisi"
SUKSES,/bata/jual-material-bata-merah-di-balumbang-jaya-bogor-gratis-ongkir/,"direvisi"
SUKSES,/bata/jual-material-bata-merah-di-bambu-apus-jakarta-gratis-ongkir/,"direvisi"
SUKSES,/bata/jual-material-bata-merah-di-bandung-gratis-ongkir/,"direvisi"
SUKSES,/bata/jual-material-bata-merah-di-bangka-jakarta-gratis-ongkir/,"direvisi"
SUKSES,/bata/jual-material-bata-merah-di-bantar-gebang-bekasi-gratis-ongkir/,"direvisi"
SUKSES,/bata/jual-material-bata-merah-di-bantarjati-bogor-gratis-ongkir/,"direvisi"
SUKSES,/bata/jual-material-bata-merah-di-banyusari-karawang-gratis-ongkir/,"direvisi"
SUKSES,/bata/jual-material-bata-merah-di-baranangsiang-gratis-ongkir/,"direvisi"
GAGAL,/bata/jual-material-bata-merah-di-baru-jakarta-gratis-ongkir/,"Hasil revisi terlalu pendek (4756 vs asli 9671 karakter)"
SUKSES,/bata/jual-material-bata-merah-di-batu-ampar-jakarta-gratis-ongkir/,"direvisi"
SUKSES,/bata/jual-material-bata-merah-di-batujaya-karawang-gratis-ongkir/,"direvisi"
SUKSES,/bata/jual-material-bata-merah-di-batutulis-bogor-gratis-ongkir/,"direvisi"
